// Jest Snapshot v1, https://goo.gl/fbAQLP

exports[`should correctly render expensessummary with 1 expense 1`] = `ShallowWrapper {}`;

exports[`should correctly render expensessummary with multiple expenses 1`] = `ShallowWrapper {}`;
