// Jest Snapshot v1, https://goo.gl/fbAQLP

exports[`render Login page 1`] = `<div />`;
